[-125509214ms] [VERBOSE] Rendering was performed in a subtree hidden by content-visibility. @ https://www.bing.com/search?q=Etsy+seller+frustrations+2026:8
[-125509213ms] [VERBOSE] Rendering was performed in a subtree hidden by content-visibility. @ https://www.bing.com/search?q=Etsy+seller+frustrations+2026:8
[-125509213ms] [VERBOSE] Rendering was performed in a subtree hidden by content-visibility. @ https://www.bing.com/search?q=Etsy+seller+frustrations+2026:8
[-125509213ms] [VERBOSE] Rendering was performed in a subtree hidden by content-visibility. @ https://www.bing.com/search?q=Etsy+seller+frustrations+2026:8
[-125509213ms] [VERBOSE] Rendering was performed in a subtree hidden by content-visibility. @ https://www.bing.com/search?q=Etsy+seller+frustrations+2026:8
[-125508820ms] [ERROR] Failed to load resource: net::ERR_INSUFFICIENT_RESOURCES @ https://r.bing.com/rp/psgXZvzYJMEW2ydikIk493Va1d4.br.js:0
[-125508820ms] [ERROR] Failed to load resource: net::ERR_INSUFFICIENT_RESOURCES @ https://r.bing.com/rp/5L3iD467J3iJWEPwIjxlK0MMDpY.br.js:0
[-125508820ms] [ERROR] Failed to load resource: net::ERR_INSUFFICIENT_RESOURCES @ https://r.bing.com/rp/9Z2GyyGvsKSVNrmOMrTfcv8z_yQ.br.js:0
[-125508803ms] [ERROR] Failed to load resource: net::ERR_INSUFFICIENT_RESOURCES @ https://th.bing.com/th/id/ODLS.A2450BEC-5595-40BA-9F13-D9EC6AB74B9F?w=32&h=32&qlt=91&pcl=fffffa&o=6&pid=1.2:0
[-125508803ms] [ERROR] Failed to load resource: net::ERR_INSUFFICIENT_RESOURCES @ https://th.bing.com/th/id/ODF.Q7PCT_eRfmTHMHPcRk_Ygw?w=16&h=16&qlt=80&o=6&pid=1.2:0
[-125508803ms] [ERROR] Failed to load resource: net::ERR_INSUFFICIENT_RESOURCES @ https://th.bing.com/th/id/ODF.MrzzDTMlZsq_k5DWWmv7Hw?w=16&h=16&qlt=80&o=6&pid=1.2:0
[-125508803ms] [ERROR] Failed to load resource: net::ERR_INSUFFICIENT_RESOURCES @ https://th.bing.com/th/id/ODF.MrzzDTMlZsq_k5DWWmv7Hw?w=32&h=32&qlt=93&pcl=fffffa&o=6&pid=1.2:0
[-125508803ms] [ERROR] Failed to load resource: net::ERR_INSUFFICIENT_RESOURCES @ https://th.bing.com/th/id/ODF.TGueNDgbc2Hca6l76a17Ng?w=32&h=32&qlt=92&pcl=fffffa&o=6&pid=1.2:0
[-125508803ms] [ERROR] Failed to load resource: net::ERR_INSUFFICIENT_RESOURCES @ https://th.bing.com/th/id/ODF.TGueNDgbc2Hca6l76a17Ng?w=16&h=16&qlt=80&o=6&pid=1.2:0
[-125508803ms] [ERROR] Failed to load resource: net::ERR_INSUFFICIENT_RESOURCES @ https://th.bing.com/th/id/ODF.MrzzDTMlZsq_k5DWWmv7Hw?w=20&h=20&c=10&o=6&pid=genserp&rm=2:0
[-125508803ms] [ERROR] Failed to load resource: net::ERR_INSUFFICIENT_RESOURCES @ https://th.bing.com/th/id/ODF._gx7JH4YqnLRU2mr8VWXGg?w=32&h=32&qlt=95&pcl=fffffa&o=6&pid=1.2:0
[-125508797ms] [ERROR] Failed to load resource: net::ERR_INSUFFICIENT_RESOURCES @ https://th.bing.com/th/id/ODF.z2KG5Aev4F49izGr_ql45g?w=32&h=32&qlt=99&pcl=fffffa&o=6&pid=1.2:0
[-125508797ms] [ERROR] Failed to load resource: net::ERR_INSUFFICIENT_RESOURCES @ https://th.bing.com/th/id/ODF.MrzzDTMlZsq_k5DWWmv7Hw?w=16&h=16&c=10&o=6&pid=genserp&rm=2:0
[-125508797ms] [ERROR] Failed to load resource: net::ERR_INSUFFICIENT_RESOURCES @ https://r.bing.com/rp/K_V1CARn2Q2lTs5njJKUvUkHyi4.br.js:0
[-125508797ms] [ERROR] Failed to load resource: net::ERR_INSUFFICIENT_RESOURCES @ https://r.bing.com/rp/GSNeCa5XvtoP6jz0k5V172vRaQ8.br.js:0
[-125508797ms] [ERROR] Failed to load resource: net::ERR_INSUFFICIENT_RESOURCES @ https://r.bing.com/rp/EAI2MpbgpapWy3f5CJ0mQ55YzkI.br.js:0
[-125508797ms] [ERROR] Failed to load resource: net::ERR_INSUFFICIENT_RESOURCES @ https://r.bing.com/rp/JTnIefOMiNK7DX11D7RY8i0_PKc.br.js:0
[-125508797ms] [ERROR] Failed to load resource: net::ERR_INSUFFICIENT_RESOURCES @ https://r.bing.com/rp/mOy7YpeLJ3c40BBAFNUI6SmOUTY.br.js:0
[-125508796ms] [ERROR] Failed to load resource: net::ERR_INSUFFICIENT_RESOURCES @ https://r.bing.com/rp/6mZmj1db42G_jniFgdT7MCvBgyA.br.js:0
[-125508796ms] [ERROR] Failed to load resource: net::ERR_INSUFFICIENT_RESOURCES @ https://r.bing.com/rp/zlfm-hC70pZAs62UVTTl3KShKOE.br.js:0
[-125508796ms] [ERROR] Failed to load resource: net::ERR_INSUFFICIENT_RESOURCES @ https://r.bing.com/rp/9uYIRoQB-ThMq970XKGeKvrMhL0.br.js:0
[-125508796ms] [ERROR] Failed to load resource: net::ERR_INSUFFICIENT_RESOURCES @ https://r.bing.com/rp/knHgSF-YIaUaIAkT_LxNuT59eQc.br.js:0
[-125508796ms] [ERROR] Failed to load resource: net::ERR_INSUFFICIENT_RESOURCES @ https://r.bing.com/rp/WwTHOlBv_iLBpZXNWkp-HzVHgrM.br.js:0
[-125508796ms] [ERROR] Failed to load resource: net::ERR_INSUFFICIENT_RESOURCES @ https://r.bing.com/rp/zU-wzeTci_PmsyatZvTRjj8U0as.br.js:0
[-125508796ms] [ERROR] Failed to load resource: net::ERR_INSUFFICIENT_RESOURCES @ https://r.bing.com/rp/rMIIMaOORZLPyG_mv-YtCmqeQB8.br.js:0
[-125508796ms] [ERROR] Failed to load resource: net::ERR_INSUFFICIENT_RESOURCES @ https://r.bing.com/rp/CcMXS8Oo0OUnUE0LzYK9AFJ6la8.br.js:0
[-125508796ms] [ERROR] Failed to load resource: net::ERR_INSUFFICIENT_RESOURCES @ https://r.bing.com/rp/f3SeDJt1ZLYeXbL_ID8s9LrUF3U.br.js:0
[-125508796ms] [ERROR] Failed to load resource: net::ERR_INSUFFICIENT_RESOURCES @ https://r.bing.com/rp/-1xH77q5exJSDLSUrYPApXbe6Hs.br.js:0
[-125508796ms] [ERROR] Failed to load resource: net::ERR_INSUFFICIENT_RESOURCES @ https://r.bing.com/rp/LTCT2zdUcB3ayDDUpC7BI5zxXuE.br.js:0
[-125508796ms] [ERROR] Failed to load resource: net::ERR_INSUFFICIENT_RESOURCES @ https://r.bing.com/rp/HdiojNH85n4iu87NAQvDH5bKMnM.br.js:0
[-125508794ms] [ERROR] Failed to load resource: net::ERR_INSUFFICIENT_RESOURCES @ https://r.bing.com/rp/5I0Cuul36Grrwnqn9LpjC23cpQ8.br.js:0
[-125508764ms] [ERROR] Failed to load resource: net::ERR_INSUFFICIENT_RESOURCES @ https://r.bing.com/rp/R5OIlHZUEYWuNhJa46yx5Wir2pM.br.js:0
[-125508763ms] [ERROR] Failed to load resource: net::ERR_INSUFFICIENT_RESOURCES @ https://r.bing.com/rs/6p/s0/jnc,nj/2RFgnacsz6nPw9vvxd8AGFyaQr8.js?or=w:0
[-125508763ms] [ERROR] Failed to load resource: net::ERR_INSUFFICIENT_RESOURCES @ https://r.bing.com/rp/sFpaiyrk-EGWrKGLRYaC8Io2eCw.br.js:0
[-125508762ms] [ERROR] Failed to load resource: net::ERR_INSUFFICIENT_RESOURCES @ https://th.bing.com/th/id/ODF.JAOyMN134wIQVZFaRrralg?w=32&h=32&qlt=94&pcl=fffffa&o=6&pid=1.2:0
[-125508761ms] [ERROR] Failed to load resource: net::ERR_INSUFFICIENT_RESOURCES @ https://r.bing.com/rs/6p/wb/nj/nt6a1ZR520utsLoZmSYgwxdOPgI.js?or=w:0
[-125508761ms] [ERROR] Failed to load resource: net::ERR_INSUFFICIENT_RESOURCES @ https://r.bing.com/rp/hSC2A2u1nPLBLKtx9YeXrNrijSw.br.js:0
[-125508760ms] [ERROR] Failed to load resource: net::ERR_INSUFFICIENT_RESOURCES @ https://r.bing.com/rp/_Bf8WbhrPNleVJdfG-L0A8nld9c.br.js:0
[-125508760ms] [ERROR] Failed to load resource: net::ERR_INSUFFICIENT_RESOURCES @ https://r.bing.com/rp/Gyuq2bqitqDJM0BeAkbKXGlQXNw.br.js:0
[-125508759ms] [ERROR] Failed to load resource: net::ERR_INSUFFICIENT_RESOURCES @ https://r.bing.com/rp/75SIhjT7cikNAal0FuI8WHdzWa8.br.js:0
[-125508759ms] [ERROR] Failed to load resource: net::ERR_INSUFFICIENT_RESOURCES @ https://r.bing.com/rp/nHOlLJnFoS8pPI705ikfiw8Z_OI.br.js:0
[-125508759ms] [ERROR] Failed to load resource: net::ERR_INSUFFICIENT_RESOURCES @ https://r.bing.com/rp/TA5w4JZB_Bofmi4E2NA9kDEyusQ.br.js:0
[-125508758ms] [ERROR] Failed to load resource: net::ERR_INSUFFICIENT_RESOURCES @ https://r.bing.com/rp/npss_9tdJq98UAZWJkmncHMBuno.br.js:0
[-125508758ms] [ERROR] Failed to load resource: net::ERR_INSUFFICIENT_RESOURCES @ https://r.bing.com/rp/DWZSY9SRnkHaYWjJ109REMim90A.br.js:0
[-125508757ms] [ERROR] Failed to load resource: net::ERR_INSUFFICIENT_RESOURCES @ https://r.bing.com/rp/bdiAPlmUnJhdap3y8myDMEGlF4w.br.js:0
[-125508757ms] [ERROR] Failed to load resource: net::ERR_INSUFFICIENT_RESOURCES @ https://r.bing.com/rp/hSAjq6w-jLSduDuFCKOr-TOJIA4.br.js:0
[-125508756ms] [ERROR] Failed to load resource: net::ERR_INSUFFICIENT_RESOURCES @ https://r.bing.com/rp/WPedHfV8dQrn4qkif5azDZSqmn8.br.js:0
[-125508756ms] [ERROR] Failed to load resource: net::ERR_INSUFFICIENT_RESOURCES @ https://r.bing.com/rp/_PpjHPLE00RMQhOidDFILB8vY0I.br.js:0
[-125508756ms] [ERROR] Failed to load resource: net::ERR_INSUFFICIENT_RESOURCES @ https://r.bing.com/rp/5jOFZTRZRQNYEniUpjuVlRlTSUA.br.js:0
[-125508755ms] [ERROR] Failed to load resource: net::ERR_INSUFFICIENT_RESOURCES @ https://r.bing.com/rp/8BLbyUK5EaqCuzmCEcf9-meevmE.br.js:0
[-125508755ms] [ERROR] Failed to load resource: net::ERR_INSUFFICIENT_RESOURCES @ https://r.bing.com/rp/7LkHIwasTuL6tufzeF3vEaazAxw.br.js:0
[-125508750ms] [ERROR] Failed to load resource: net::ERR_INSUFFICIENT_RESOURCES @ https://r.bing.com/rp/r_u3IMXo8sp0CSCIIqU3ZuyaMPY.br.js:0
[-125508750ms] [ERROR] Failed to load resource: net::ERR_INSUFFICIENT_RESOURCES @ https://r.bing.com/rp/MXDyzYZ575wKqwTM0ragtpXP85o.br.js:0
[-125508750ms] [ERROR] Failed to load resource: net::ERR_INSUFFICIENT_RESOURCES @ https://r.bing.com/rp/5u_JYtMmnndZOFVPBJszGEhyHhM.br.js:0
[-125508749ms] [ERROR] Failed to load resource: net::ERR_INSUFFICIENT_RESOURCES @ https://r.bing.com/rp/-ICpNDkT9Y-AM9LUhR49rNhH2oo.br.js:0
[-125508749ms] [ERROR] Failed to load resource: net::ERR_INSUFFICIENT_RESOURCES @ https://r.bing.com/rp/Sv8bO2oxkbGjZh6Pe_GKzG1DtDU.br.js:0
[-125508749ms] [ERROR] Failed to load resource: net::ERR_INSUFFICIENT_RESOURCES @ https://r.bing.com/rp/IQUr_MMfd4rc7-vK-Y3TReL5D8U.br.js:0
[-125503685ms] [WARNING] The resource https://r.bing.com/rs/5R/ui/cir3,cc,nc/Gp7L1rdAduz2ChsJQAtiHjTfcdg.css?or=w was preloaded using link preload but not used within a few seconds from the window's load event. Please make sure it has an appropriate `as` value and it is preloaded intentionally. @ https://www.bing.com/search?q=Etsy+seller+frustrations+2026:0
